
> my-portfolio@0.1.0 build
> next build

Γû▓ Next.js 16.2.2 (Turbopack)

  Creating an optimized production build ...
node.exe : 
At C:\Program Files\nodejs\npm.ps1:29 char:3
+   & $NODE_EXE $NPM_CLI_JS $args
+   ~~~~~~~~~~~~~~~~~~~~~~~~~~~~~
    + CategoryInfo          : NotSpec    ified: 
(:String) [], RemoteExcept    ion
    + FullyQualifiedErrorId : NativeC    
ommandError
 
> Build error occurred
Error: Turbopack build failed with 2 errors:
./src/app/page.tsx:4:1
Export Github doesn't exist in target module
  [90m2 |[0m ...
  [90m3 |[0m ...ion } [36mfrom[0m 
[32m"framer-motion"[0m;
[31m[1m>[0m [90m4 |[0m ...[33mhub[0m, 
[33mMail[0m, [33mPhone[0m, [33mMapPin[0m, 
[33mExternalLink[0m, [33mCode2[0m, 
[33mBrainCircuit[0m, [33mTerminal[0m, 
[33mBlocks[0m } [36mfrom[0m [32m"lu...[0m
  [90m  |[0m    [31m[1m^^^^^^^^^^^^^^^^^^^^^
^^^^^^^^^^^^^^^^^^^^^^^^^^^^^^^^^^^^^^^^^^^^^^^^
^^^^^^^^^^^^^^^^^^^^^^[0m
  [90m5 |[0m ...Effect, useState } 
[36mfrom[0m [32m"react"[0m;
  [90m6 |[0m ...
  [90m7 |[0m ...[36mlt[0m [36mfunction[0m 
[33mHome[0m() {

The export Github was not found in module [proje
ct]/node_modules/lucide-react/dist/esm/lucide-re
act.js [app-client] (ecmascript).
Did you mean to import Gift?
All exports of the module are statically known 
(It doesn't have dynamic exports). So it's 
known statically that the requested export 
doesn't exist.

Import traces:
  Client Component Browser:
    ./src/app/page.tsx [Client Component 
Browser]
    ./src/app/page.tsx [Server Component]

  Client Component SSR:
    ./src/app/page.tsx [Client Component SSR]
    ./src/app/page.tsx [Server Component]


./src/app/page.tsx:4:1
Export Github doesn't exist in target module
  [90m2 |[0m ...
  [90m3 |[0m ...ion } [36mfrom[0m 
[32m"framer-motion"[0m;
[31m[1m>[0m [90m4 |[0m ...[33mhub[0m, 
[33mMail[0m, [33mPhone[0m, [33mMapPin[0m, 
[33mExternalLink[0m, [33mCode2[0m, 
[33mBrainCircuit[0m, [33mTerminal[0m, 
[33mBlocks[0m } [36mfrom[0m [32m"lu...[0m
  [90m  |[0m    [31m[1m^^^^^^^^^^^^^^^^^^^^^
^^^^^^^^^^^^^^^^^^^^^^^^^^^^^^^^^^^^^^^^^^^^^^^^
^^^^^^^^^^^^^^^^^^^^^^[0m
  [90m5 |[0m ...Effect, useState } 
[36mfrom[0m [32m"react"[0m;
  [90m6 |[0m ...
  [90m7 |[0m ...[36mlt[0m [36mfunction[0m 
[33mHome[0m() {

The export Github was not found in module [proje
ct]/node_modules/lucide-react/dist/esm/lucide-re
act.js [app-ssr] (ecmascript).
Did you mean to import Gift?
All exports of the module are statically known 
(It doesn't have dynamic exports). So it's 
known statically that the requested export 
doesn't exist.

Import traces:
  Client Component Browser:
    ./src/app/page.tsx [Client Component 
Browser]
    ./src/app/page.tsx [Server Component]

  Client Component SSR:
    ./src/app/page.tsx [Client Component SSR]
    ./src/app/page.tsx [Server Component]


    at <unknown> (./src/app/page.tsx:4:1)
    at <unknown> (./src/app/page.tsx:4:1)
